Microchip MPLAB XC8 Compiler V2.50

Linker command line:

-W-3 \
  --edf=C:\Program Files\Microchip\xc8\v2.50\pic\dat\20240725155939_en.msgs \
  -cn -h+dist/default/production\GPIO_SMT_TEST.X.production.sym \
  --cmf=dist/default/production\GPIO_SMT_TEST.X.production.cmf -z \
  -Q18F27Q43 -oC:\Users\garyt\AppData\Local\Temp\xcBsfmk.1\driver_tmp_3.o \
  --defsym=__MPLAB_BUILD=1 --fixupoverflow=error \
  -Mdist/default/production/GPIO_SMT_TEST.X.production.map \
  --md=C:\Users\garyt\AppData\Local\Temp\xcBsfmk.1\driver_tmp_0.dat -E1 \
  -ver=XC8 Compiler --acfsm=1493 -ACODE=00h-01FFFFh -ACONST=00h-01FFFFh \
  -ASMALLCONST=02600h-026FFhx474 \
  -AMEDIUMCONST=02600h-0FFFFh,012600h-01FFFFh -ACOMRAM=0501h-055Fh \
  -AABS1=0500h-024FFh -ABIGRAM=0501h-024FFh \
  -ARAM=0560h-05FFh,0600h-06FFhx31 -ABANK5=0560h-05FFh -ABANK6=0600h-06FFh \
  -ABANK7=0700h-07FFh -ABANK8=0800h-08FFh -ABANK9=0900h-09FFh \
  -ABANK10=0A00h-0AFFh -ABANK11=0B00h-0BFFh -ABANK12=0C00h-0CFFh \
  -ABANK13=0D00h-0DFFh -ABANK14=0E00h-0EFFh -ABANK15=0F00h-0FFFh \
  -ABANK16=01000h-010FFh -ABANK17=01100h-011FFh -ABANK18=01200h-012FFh \
  -ABANK19=01300h-013FFh -ABANK20=01400h-014FFh -ABANK21=01500h-015FFh \
  -ABANK22=01600h-016FFh -ABANK23=01700h-017FFh -ABANK24=01800h-018FFh \
  -ABANK25=01900h-019FFh -ABANK26=01A00h-01AFFh -ABANK27=01B00h-01BFFh \
  -ABANK28=01C00h-01CFFh -ABANK29=01D00h-01DFFh -ABANK30=01E00h-01EFFh \
  -ABANK31=01F00h-01FFFh -ABANK32=02000h-020FFh -ABANK33=02100h-021FFh \
  -ABANK34=02200h-022FFh -ABANK35=02300h-023FFh -ABANK36=02400h-024FFh \
  -ASFR=00h-0FFhx4,0400h-045Fh,0460h-04FFh,02500h-025FFh \
  -ABIGSFR=00h-04FFh,02500h-025FFh -ACONFIG=0300000h-0300011h \
  -AIDLOC=0200000h-020003Fh -AEEDATA=0380000h-03803FFh -peeprom_data=EEDATA \
  -preset_vec=00h -ppowerup=CODE,init -pramtop=02600h \
  -psmallconst=SMALLCONST -pmediumconst=MEDIUMCONST -pconst=CONST \
  -AFARRAM=00h-00h \
  -prdata=COMRAM,nvrram=COMRAM,nvbit=COMRAM,rbss=COMRAM,rbit=COMRAM \
  -pfarbss=FARRAM,fardata=FARRAM,nvFARRAM=FARRAM \
  -pintsave_regs=BIGRAM,bigbss=BIGRAM,bigdata=BIGRAM -pbss=RAM \
  -pidata=CODE,irdata=CODE,ibigdata=CODE,ifardata=CODE -prparam=COMRAM \
  C:\Users\garyt\AppData\Local\Temp\xcBsfmk.1\driver_tmp_9.o \
  dist/default/production\GPIO_SMT_TEST.X.production.o 

Object code version is 3.11

Machine type is 18F27Q43



                Name                               Link     Load   Length Selector   Space Scale
C:\Users\garyt\AppData\Local\Temp\xcBsfmk.1\driver_tmp_9.o
                config                           300000   300000        A        0       4
                init                              1FFFC    1FFFC        4     FFFE       0
                reset_vec                             0        0        4        0       0
dist/default/production\GPIO_SMT_TEST.X.production.o
                config                           300000   300000        A        0       4
                smallconst                         2600     2600        8     1300       0
                text21                             2D96     2D96       12     1304       0
                text20                             28A4     28A4       A4     1304       0
                text19                             2ADA     2ADA       6A     1304       0
                text18                             271E     271E       C4     1304       0
                text17                             27E2     27E2       C2     1304       0
                text16                             2A66     2A66       74     1304       0
                text15                             2B44     2B44       64     1304       0
                text14                             2608     2608      116     1304       0
                text13                             29E0     29E0       86     1304       0
                text12                             2D0C     2D0C       1C     1304       0
                text11                             2BA8     2BA8       62     1304       0
                text10                             2CEA     2CEA       22     1304       0
                text9                              2CC6     2CC6       24     1304       0
                text8                              2C9C     2C9C       2A     1304       0
                text7                              2948     2948       98     1304       0
                text6                              2D82     2D82       14     1304       0
                text5                              2C0A     2C0A       52     1304       0
                text4                              2D6E     2D6E       14     1304       0
                text3                              2D28     2D28       1A     1304       0
                text2                              2D58     2D58       16     1304       0
                text1                              2D42     2D42       16     1304       0
                text0                              2C5C     2C5C       40     1304       0
                cstackCOMRAM                        501      501       29      501       1
                cinit                              2DA8     2DA8        A     1304       0

TOTAL           Name                               Link     Load   Length     Space
        CLASS   CODE           
                init                              1FFFC    1FFFC        4         0
                reset_vec                             0        0        4         0
                text21                             2D96     2D96       12         0
                text20                             28A4     28A4       A4         0
                text19                             2ADA     2ADA       6A         0
                text18                             271E     271E       C4         0
                text17                             27E2     27E2       C2         0
                text16                             2A66     2A66       74         0
                text15                             2B44     2B44       64         0
                text14                             2608     2608      116         0
                text13                             29E0     29E0       86         0
                text12                             2D0C     2D0C       1C         0
                text11                             2BA8     2BA8       62         0
                text10                             2CEA     2CEA       22         0
                text9                              2CC6     2CC6       24         0
                text8                              2C9C     2C9C       2A         0
                text7                              2948     2948       98         0
                text6                              2D82     2D82       14         0
                text5                              2C0A     2C0A       52         0
                text4                              2D6E     2D6E       14         0
                text3                              2D28     2D28       1A         0
                text2                              2D58     2D58       16         0
                text1                              2D42     2D42       16         0
                text0                              2C5C     2C5C       40         0
                cinit                              2DA8     2DA8        A         0

        CLASS   CONST          

        CLASS   SMALLCONST     
                smallconst                         2600     2600        8         0

        CLASS   MEDIUMCONST    

        CLASS   COMRAM         
                cstackCOMRAM                        501      501       29         1

        CLASS   ABS1           

        CLASS   BIGRAM         

        CLASS   RAM            

        CLASS   BANK5          

        CLASS   BANK6          

        CLASS   BANK7          

        CLASS   BANK8          

        CLASS   BANK9          

        CLASS   BANK10         

        CLASS   BANK11         

        CLASS   BANK12         

        CLASS   BANK13         

        CLASS   BANK14         

        CLASS   BANK15         

        CLASS   BANK16         

        CLASS   BANK17         

        CLASS   BANK18         

        CLASS   BANK19         

        CLASS   BANK20         

        CLASS   BANK21         

        CLASS   BANK22         

        CLASS   BANK23         

        CLASS   BANK24         

        CLASS   BANK25         

        CLASS   BANK26         

        CLASS   BANK27         

        CLASS   BANK28         

        CLASS   BANK29         

        CLASS   BANK30         

        CLASS   BANK31         

        CLASS   BANK32         

        CLASS   BANK33         

        CLASS   BANK34         

        CLASS   BANK35         

        CLASS   BANK36         

        CLASS   SFR            

        CLASS   BIGSFR         

        CLASS   CONFIG         
                config                           300000   300000        A         4

        CLASS   IDLOC          

        CLASS   EEDATA         

        CLASS   FARRAM         

        CLASS   HEAP           

        CLASS   STACK          



SEGMENTS        Name                           Load    Length   Top    Selector   Space  Class

                reset_vec                      000000  000004  000004         0       0  CODE    
                cstackCOMRAM                   000501  000029  00052A       501       1  COMRAM  
                smallconst                     002600  000008  002608      1300       0  SMALLCON
                text14                         002608  0007AA  002DB2      1304       0  CODE    
                init                           01FFFC  000004  020000      FFFE       0  CODE    


UNUSED ADDRESS RANGES

        Name                Unused          Largest block    Delta
        BANK10           000A00-000AFF              100
        BANK11           000B00-000BFF              100
        BANK12           000C00-000CFF              100
        BANK13           000D00-000DFF              100
        BANK14           000E00-000EFF              100
        BANK15           000F00-000FFF              100
        BANK16           001000-0010FF              100
        BANK17           001100-0011FF              100
        BANK18           001200-0012FF              100
        BANK19           001300-0013FF              100
        BANK20           001400-0014FF              100
        BANK21           001500-0015FF              100
        BANK22           001600-0016FF              100
        BANK23           001700-0017FF              100
        BANK24           001800-0018FF              100
        BANK25           001900-0019FF              100
        BANK26           001A00-001AFF              100
        BANK27           001B00-001BFF              100
        BANK28           001C00-001CFF              100
        BANK29           001D00-001DFF              100
        BANK30           001E00-001EFF              100
        BANK31           001F00-001FFF              100
        BANK32           002000-0020FF              100
        BANK33           002100-0021FF              100
        BANK34           002200-0022FF              100
        BANK35           002300-0023FF              100
        BANK36           002400-0024FF              100
        BANK5            000560-0005FF               A0
        BANK6            000600-0006FF              100
        BANK7            000700-0007FF              100
        BANK8            000800-0008FF              100
        BANK9            000900-0009FF              100
        BIGRAM           00052A-0024FF             1FD6
        BIGSFR           000000-0004FF              500
                         002500-0025FF              100
        CODE             000004-0025FF             25FC
                         002DB2-01FFFB            1D24A
        COMRAM           00052A-00055F               36
        CONFIG           30000A-300011                8
        CONST            000004-0025FF             25FC
                         002DB2-01FFFB            1D24A
        EEDATA           380000-3803FF              400
        IDLOC            200000-20003F               40
        MEDIUMCONST      002DB2-00FFFF             D24E
                         012600-01FFFB             D9FC
        RAM              000560-0024FF              100
        SFR              000000-0004FF              100
                         002500-0025FF              100
        SMALLCONST       002DB2-01FFFB              100

                                  Symbol Table

?_CalculateRPM                  cstackCOMRAM 00051A
?_SMT1_GetCapturedPeriod        cstackCOMRAM 000501
?___awdiv                       cstackCOMRAM 000501
?___lldiv                       cstackCOMRAM 00050D
?___lmul                        cstackCOMRAM 000501
?___lwdiv                       cstackCOMRAM 000501
?___lwmod                       cstackCOMRAM 000501
CalculateRPM@frequency          cstackCOMRAM 00051C
CalculateRPM@periodCount        cstackCOMRAM 000522
CalculateRPM@rpm                cstackCOMRAM 000520
DisplayRPM@rpm                  cstackCOMRAM 00051C
IntToStr@buffer                 cstackCOMRAM 00050B
IntToStr@i                      cstackCOMRAM 000510
IntToStr@j                      cstackCOMRAM 000512
IntToStr@num                    cstackCOMRAM 000509
IntToStr@temp                   cstackCOMRAM 00050F
LCD_Print@str                   cstackCOMRAM 000504
LCD_PrintNumber@buffer          cstackCOMRAM 000516
LCD_PrintNumber@num             cstackCOMRAM 000514
LCD_SendCommand@cmd             cstackCOMRAM 000504
LCD_SendData@data               cstackCOMRAM 000503
LCD_SendNibble@nibble           cstackCOMRAM 000502
_ACTCON                         (abs)        0000AC
_ANSELA                         (abs)        000400
_ANSELB                         (abs)        000408
_ANSELC                         (abs)        000410
_CalculateRPM                   text18       00271E
_DisplayRPM                     text8        002C9C
_INLVLA                         (abs)        000404
_INLVLB                         (abs)        00040C
_INLVLC                         (abs)        000414
_INLVLE                         (abs)        000424
_IntToStr                       text14       002608
_LATA                           (abs)        0004BE
_LATAbits                       (abs)        0004BE
_LATB                           (abs)        0004BF
_LATC                           (abs)        0004C0
_LATCbits                       (abs)        0004C0
_LCD_Init                       text7        002948
_LCD_Print                      text11       002BA8
_LCD_PrintNumber                text10       002CEA
_LCD_SendCommand                text9        002CC6
_LCD_SendData                   text12       002D0C
_LCD_SendNibble                 text13       0029E0
_ODCONA                         (abs)        000402
_ODCONB                         (abs)        00040A
_ODCONC                         (abs)        000412
_ODCONE                         (abs)        000422
_OSCCON1                        (abs)        0000AD
_OSCCON3                        (abs)        0000AF
_OSCEN                          (abs)        0000B3
_OSCFRQ                         (abs)        0000B1
_OSCILLATOR_Initialize          text6        002D82
_OSCTUNE                        (abs)        0000B0
_PIN_MANAGER_Initialize         text5        002C0A
_PIR3bits                       (abs)        0004B1
_PMD0                           (abs)        000060
_PMD1                           (abs)        000061
_PMD3                           (abs)        000063
_PMD4                           (abs)        000064
_PMD5                           (abs)        000065
_PMD6                           (abs)        000066
_PMD7                           (abs)        000067
_PMD8                           (abs)        000068
_PMD_Initialize                 text4        002D6E
_PR2                            (abs)        000323
_RB1I2C                         (abs)        000289
_RB2I2C                         (abs)        000288
_RC3I2C                         (abs)        000287
_RC4I2C                         (abs)        000286
_SLRCONA                        (abs)        000403
_SLRCONB                        (abs)        00040B
_SLRCONC                        (abs)        000413
_SMT1CLK                        (abs)        00030F
_SMT1CON0                       (abs)        00030C
_SMT1CON0bits                   (abs)        00030C
_SMT1CON1                       (abs)        00030D
_SMT1CON1bits                   (abs)        00030D
_SMT1CPR                        (abs)        000303
_SMT1CPW                        (abs)        000306
_SMT1PR                         (abs)        000309
_SMT1PRH                        (abs)        00030A
_SMT1PRL                        (abs)        000309
_SMT1PRU                        (abs)        00030B
_SMT1SIG                        (abs)        000310
_SMT1SIGPPS                     (abs)        00025A
_SMT1STAT                       (abs)        00030E
_SMT1STATbits                   (abs)        00030E
_SMT1TMR                        (abs)        000300
_SMT1WIN                        (abs)        000311
_SMT1WINPPS                     (abs)        000259
_SMT1_GetCapturedPeriod         text21       002D96
_SMT1_Initialize                text3        002D28
_SYSTEM_Initialize              text1        002D42
_T2CLKCON                       (abs)        000326
_T2CON                          (abs)        000324
_T2CONbits                      (abs)        000324
_T2HLT                          (abs)        000325
_T2HLTbits                      (abs)        000325
_T2PR                           (abs)        000323
_T2RST                          (abs)        000327
_T2RSTbits                      (abs)        000327
_T2TMR                          (abs)        000322
_TMR2                           (abs)        000322
_TMR2_Initialize                text2        002D58
_TRISA                          (abs)        0004C6
_TRISB                          (abs)        0004C7
_TRISC                          (abs)        0004C8
_WPUA                           (abs)        000401
_WPUB                           (abs)        000409
_WPUC                           (abs)        000411
_WPUE                           (abs)        000421
__HRAM                          (abs)        000000
__H__absolute__                 __absolute__ 000000
__Habs1                         abs1         000000
__Hbank10                       bank10       000000
__Hbank11                       bank11       000000
__Hbank12                       bank12       000000
__Hbank13                       bank13       000000
__Hbank14                       bank14       000000
__Hbank15                       bank15       000000
__Hbank16                       bank16       000000
__Hbank17                       bank17       000000
__Hbank18                       bank18       000000
__Hbank19                       bank19       000000
__Hbank20                       bank20       000000
__Hbank21                       bank21       000000
__Hbank22                       bank22       000000
__Hbank23                       bank23       000000
__Hbank24                       bank24       000000
__Hbank25                       bank25       000000
__Hbank26                       bank26       000000
__Hbank27                       bank27       000000
__Hbank28                       bank28       000000
__Hbank29                       bank29       000000
__Hbank30                       bank30       000000
__Hbank31                       bank31       000000
__Hbank32                       bank32       000000
__Hbank33                       bank33       000000
__Hbank34                       bank34       000000
__Hbank35                       bank35       000000
__Hbank36                       bank36       000000
__Hbank5                        bank5        000000
__Hbank6                        bank6        000000
__Hbank7                        bank7        000000
__Hbank8                        bank8        000000
__Hbank9                        bank9        000000
__Hbigbss                       bigbss       000000
__Hbigdata                      bigdata      000000
__Hbigram                       bigram       000000
__Hbigsfr                       bigsfr       000000
__Hbss                          bss          000000
__Hcinit                        cinit        000000
__Hclrtext                      clrtext      000000
__Hcomram                       comram       000000
__Hconfig                       config       30000A
__Hconst                        const        000000
__HcstackCOMRAM                 cstackCOMRAM 000000
__Hdata                         data         000000
__Heeprom_data                  eeprom_data  000000
__Hfarbss                       farbss       000000
__Hfardata                      fardata      000000
__Hheap                         heap         000000
__Hibigdata                     ibigdata     000000
__Hidata                        idata        000000
__Hidloc                        idloc        000000
__Hifardata                     ifardata     000000
__Hinit                         init         020000
__Hintsave_regs                 intsave_regs 000000
__Hirdata                       irdata       000000
__Hmediumconst                  mediumconst  000000
__HnvFARRAM                     nvFARRAM     000000
__Hnvbit                        nvbit        000000
__Hnvrram                       nvrram       000000
__Hparam                        rparam       000000
__Hpowerup                      powerup      000000
__Hram                          ram          000000
__Hramtop                       ramtop       002600
__Hrbit                         rbit         000000
__Hrbss                         rbss         000000
__Hrdata                        rdata        000000
__Hreset_vec                    reset_vec    000004
__Hrparam                       rparam       000000
__Hsfr                          sfr          000000
__Hsmallconst                   smallconst   002608
__Hspace_0                      (abs)        020000
__Hspace_1                      (abs)        00052A
__Hspace_2                      (abs)        000000
__Hspace_4                      (abs)        60000A
__Hstack                        stack        000000
__Hstruct                       struct       000000
__Htemp                         temp         000000
__Htext                         text         000000
__Htext0                        text0        000000
__Htext1                        text1        000000
__Htext10                       text10       000000
__Htext11                       text11       000000
__Htext12                       text12       000000
__Htext13                       text13       000000
__Htext14                       text14       000000
__Htext15                       text15       000000
__Htext16                       text16       000000
__Htext17                       text17       000000
__Htext18                       text18       000000
__Htext19                       text19       000000
__Htext2                        text2        000000
__Htext20                       text20       000000
__Htext21                       text21       000000
__Htext3                        text3        000000
__Htext4                        text4        000000
__Htext5                        text5        000000
__Htext6                        text6        000000
__Htext7                        text7        000000
__Htext8                        text8        000000
__Htext9                        text9        000000
__LRAM                          (abs)        000001
__L__absolute__                 __absolute__ 000000
__Labs1                         abs1         000000
__Lbank10                       bank10       000000
__Lbank11                       bank11       000000
__Lbank12                       bank12       000000
__Lbank13                       bank13       000000
__Lbank14                       bank14       000000
__Lbank15                       bank15       000000
__Lbank16                       bank16       000000
__Lbank17                       bank17       000000
__Lbank18                       bank18       000000
__Lbank19                       bank19       000000
__Lbank20                       bank20       000000
__Lbank21                       bank21       000000
__Lbank22                       bank22       000000
__Lbank23                       bank23       000000
__Lbank24                       bank24       000000
__Lbank25                       bank25       000000
__Lbank26                       bank26       000000
__Lbank27                       bank27       000000
__Lbank28                       bank28       000000
__Lbank29                       bank29       000000
__Lbank30                       bank30       000000
__Lbank31                       bank31       000000
__Lbank32                       bank32       000000
__Lbank33                       bank33       000000
__Lbank34                       bank34       000000
__Lbank35                       bank35       000000
__Lbank36                       bank36       000000
__Lbank5                        bank5        000000
__Lbank6                        bank6        000000
__Lbank7                        bank7        000000
__Lbank8                        bank8        000000
__Lbank9                        bank9        000000
__Lbigbss                       bigbss       000000
__Lbigdata                      bigdata      000000
__Lbigram                       bigram       000000
__Lbigsfr                       bigsfr       000000
__Lbss                          bss          000000
__Lcinit                        cinit        000000
__Lclrtext                      clrtext      000000
__Lcomram                       comram       000000
__Lconfig                       config       000000
__Lconst                        const        000000
__LcstackCOMRAM                 cstackCOMRAM 000000
__Ldata                         data         000000
__Leeprom_data                  eeprom_data  000000
__Lfarbss                       farbss       000000
__Lfardata                      fardata      000000
__Lheap                         heap         000000
__Libigdata                     ibigdata     000000
__Lidata                        idata        000000
__Lidloc                        idloc        000000
__Lifardata                     ifardata     000000
__Linit                         init         01FFFC
__Lintsave_regs                 intsave_regs 000000
__Lirdata                       irdata       000000
__Lmediumconst                  mediumconst  000000
__LnvFARRAM                     nvFARRAM     000000
__Lnvbit                        nvbit        000000
__Lnvrram                       nvrram       000000
__Lparam                        rparam       000000
__Lpowerup                      powerup      000000
__Lram                          ram          000000
__Lramtop                       ramtop       002600
__Lrbit                         rbit         000000
__Lrbss                         rbss         000000
__Lrdata                        rdata        000000
__Lreset_vec                    reset_vec    000000
__Lrparam                       rparam       000000
__Lsfr                          sfr          000000
__Lsmallconst                   smallconst   002600
__Lspace_0                      (abs)        000000
__Lspace_1                      (abs)        000000
__Lspace_2                      (abs)        000000
__Lspace_4                      (abs)        000000
__Lstack                        stack        000000
__Lstruct                       struct       000000
__Ltemp                         temp         000000
__Ltext                         text         000000
__Ltext0                        text0        000000
__Ltext1                        text1        000000
__Ltext10                       text10       000000
__Ltext11                       text11       000000
__Ltext12                       text12       000000
__Ltext13                       text13       000000
__Ltext14                       text14       000000
__Ltext15                       text15       000000
__Ltext16                       text16       000000
__Ltext17                       text17       000000
__Ltext18                       text18       000000
__Ltext19                       text19       000000
__Ltext2                        text2        000000
__Ltext20                       text20       000000
__Ltext21                       text21       000000
__Ltext3                        text3        000000
__Ltext4                        text4        000000
__Ltext5                        text5        000000
__Ltext6                        text6        000000
__Ltext7                        text7        000000
__Ltext8                        text8        000000
__Ltext9                        text9        000000
__S0                            (abs)        020000
__S1                            (abs)        00052A
__S4                            (abs)        000000
__S5                            (abs)        000000
___awdiv                        text17       0027E2
___awdiv@counter                cstackCOMRAM 000505
___awdiv@dividend               cstackCOMRAM 000501
___awdiv@divisor                cstackCOMRAM 000503
___awdiv@quotient               cstackCOMRAM 000507
___awdiv@sign                   cstackCOMRAM 000506
___heap_hi                      (abs)        000000
___heap_lo                      (abs)        000000
___inthi_sp                     stack        000000
___inthi_stack_hi               stack        000000
___inthi_stack_lo               stack        000000
___intlo_sp                     stack        000000
___intlo_stack_hi               stack        000000
___intlo_stack_lo               stack        000000
___lldiv                        text20       0028A4
___lldiv@counter                cstackCOMRAM 000519
___lldiv@dividend               cstackCOMRAM 00050D
___lldiv@divisor                cstackCOMRAM 000511
___lldiv@quotient               cstackCOMRAM 000515
___lmul                         text19       002ADA
___lmul@multiplicand            cstackCOMRAM 000505
___lmul@multiplier              cstackCOMRAM 000501
___lmul@product                 cstackCOMRAM 000509
___lwdiv                        text16       002A66
___lwdiv@counter                cstackCOMRAM 000507
___lwdiv@dividend               cstackCOMRAM 000501
___lwdiv@divisor                cstackCOMRAM 000503
___lwdiv@quotient               cstackCOMRAM 000505
___lwmod                        text15       002B44
___lwmod@counter                cstackCOMRAM 000505
___lwmod@dividend               cstackCOMRAM 000501
___lwmod@divisor                cstackCOMRAM 000503
___param_bank                   (abs)        000000
___rparam_used                  (abs)        000001
___sp                           stack        000000
___stack_hi                     stack        000000
___stack_lo                     stack        000000
__accesstop                     (abs)        000560
__activetblptr                  (abs)        000002
__end_of_CalculateRPM           text18       0027E2
__end_of_DisplayRPM             text8        002CC6
__end_of_IntToStr               text14       00271E
__end_of_LCD_Init               text7        0029E0
__end_of_LCD_Print              text11       002C0A
__end_of_LCD_PrintNumber        text10       002D0C
__end_of_LCD_SendCommand        text9        002CEA
__end_of_LCD_SendData           text12       002D28
__end_of_LCD_SendNibble         text13       002A66
__end_of_OSCILLATOR_Initialize  text6        002D96
__end_of_PIN_MANAGER_Initialize text5        002C5C
__end_of_PMD_Initialize         text4        002D82
__end_of_SMT1_GetCapturedPeriod text21       002DA8
__end_of_SMT1_Initialize        text3        002D42
__end_of_SYSTEM_Initialize      text1        002D58
__end_of_TMR2_Initialize        text2        002D6E
__end_of___awdiv                text17       0028A4
__end_of___lldiv                text20       002948
__end_of___lmul                 text19       002B44
__end_of___lwdiv                text16       002ADA
__end_of___lwmod                text15       002BA8
__end_of__initialization        cinit        002DA8
__end_of_main                   text0        002C9C
__initialization                cinit        002DA8
__mediumconst                   mediumconst  000000
__pcinit                        cinit        002DA8
__pcstackCOMRAM                 cstackCOMRAM 000501
__psmallconst                   smallconst   002600
__ptext0                        text0        002C5C
__ptext1                        text1        002D42
__ptext10                       text10       002CEA
__ptext11                       text11       002BA8
__ptext12                       text12       002D0C
__ptext13                       text13       0029E0
__ptext14                       text14       002608
__ptext15                       text15       002B44
__ptext16                       text16       002A66
__ptext17                       text17       0027E2
__ptext18                       text18       00271E
__ptext19                       text19       002ADA
__ptext2                        text2        002D58
__ptext20                       text20       0028A4
__ptext21                       text21       002D96
__ptext3                        text3        002D28
__ptext4                        text4        002D6E
__ptext5                        text5        002C0A
__ptext6                        text6        002D82
__ptext7                        text7        002948
__ptext8                        text8        002C9C
__ptext9                        text9        002CC6
__ramtop                        ramtop       002600
__smallconst                    smallconst   002600
_main                           text0        002C5C
end_of_initialization           cinit        002DA8
intlevel0                       text         000000
intlevel1                       text         000000
intlevel2                       text         000000
intlevel3                       text         000000
isa$std                         (abs)        000001
isa$xinst                       (abs)        000000
main@rpm                        cstackCOMRAM 000528
stackhi                         (abs)        000000
stacklo                         (abs)        000000
start                           init         01FFFC
start_initialization            cinit        002DA8


MODULE INFORMATION

Module		Function		Class		Link	Load	Size
mcc_generated_files/tmr2.c
		_TMR2_Initialize		CODE           	2D58	0000	22

mcc_generated_files/tmr2.c estimated size: 22

mcc_generated_files/pin_manager.c
		_PIN_MANAGER_Initialize		CODE           	2C0A	0000	82

mcc_generated_files/pin_manager.c estimated size: 82

C:\Program Files\Microchip\xc8\v2.50\pic\sources\c99\common\lwmod.c
		___lwmod       		CODE           	2B44	0000	100

C:\Program Files\Microchip\xc8\v2.50\pic\sources\c99\common\lwmod.c estimated size: 100

C:\Program Files\Microchip\xc8\v2.50\pic\sources\c99\common\Umul32.c
		___lmul        		CODE           	2ADA	0000	106

C:\Program Files\Microchip\xc8\v2.50\pic\sources\c99\common\Umul32.c estimated size: 106

C:\Program Files\Microchip\xc8\v2.50\pic\sources\c99\common\__lldiv.c
		___lldiv       		CODE           	28A4	0000	164

C:\Program Files\Microchip\xc8\v2.50\pic\sources\c99\common\__lldiv.c estimated size: 164

shared
		__initialization		CODE           	2DA8	0000	1

shared estimated size: 1

mcc_generated_files/smt1.c
		_SMT1_Initialize		CODE           	2D28	0000	26
		_SMT1_GetCapturedPeriod		CODE           	2D96	0000	18

mcc_generated_files/smt1.c estimated size: 44

mcc_generated_files/mcc.c
		_PMD_Initialize		CODE           	2D6E	0000	20
		_OSCILLATOR_Initialize		CODE           	2D82	0000	20
		_SYSTEM_Initialize		CODE           	2D42	0000	22

mcc_generated_files/mcc.c estimated size: 62

C:\Program Files\Microchip\xc8\v2.50\pic\sources\c99\common\lwdiv.c
		___lwdiv       		CODE           	2A66	0000	116

C:\Program Files\Microchip\xc8\v2.50\pic\sources\c99\common\lwdiv.c estimated size: 116

C:\Program Files\Microchip\xc8\v2.50\pic\sources\c99\common\awdiv.c
		___awdiv       		CODE           	27E2	0000	194

C:\Program Files\Microchip\xc8\v2.50\pic\sources\c99\common\awdiv.c estimated size: 194

main.c
		_LCD_Init      		CODE           	2948	0000	152
		_CalculateRPM  		CODE           	271E	0000	196
		_LCD_SendData  		CODE           	2D0C	0000	28
		_LCD_PrintNumber		CODE           	2CEA	0000	34
		_main          		CODE           	2C5C	0000	64
		_LCD_SendNibble		CODE           	29E0	0000	134
		_LCD_Print     		CODE           	2BA8	0000	98
		_LCD_SendCommand		CODE           	2CC6	0000	36
		_DisplayRPM    		CODE           	2C9C	0000	42
		_IntToStr      		CODE           	2608	0000	278

main.c estimated size: 1062

